
> gsti-website@0.1.0 build
> next build

   ▲ Next.js 15.5.22

   Creating an optimized production build ...
 ✓ Compiled successfully in 3.0s
   Skipping linting
   Checking validity of types ...
   Collecting page data ...
npm :  ⚠ Using edge runtime on a page currently disables static generation for that page
所在位置 行:1 字符: 320
+ ... an/WorkBuddy/20260723162035/gsti-website"; npm run build 2>&1 | Out-F ...
+                                                ~~~~~~~~~~~~~~~~~~
    + CategoryInfo          : NotSpecified: ( ⚠ Using edge r...n for that page:String) [], RemoteException
    + FullyQualifiedErrorId : NativeCommandError
 
   Generating static pages (0/29) ...
Error: MISSING_MESSAGE: result.viewLibrary (zh)
    at t (C:\Users\coconuttian\WorkBuddy\20260723162035\gsti-website\.next\server\chunks\838.js:1:304568)
    at u (C:\Users\coconuttian\WorkBuddy\20260723162035\gsti-website\.next\server\chunks\838.js:1:304724)
    at v (C:\Users\coconuttian\WorkBuddy\20260723162035\gsti-website\.next\server\chunks\838.js:1:306057)
    at H (C:\Users\coconuttian\WorkBuddy\20260723162035\gsti-website\.next\server\chunks\112.js:1:19264) {
  code: 'MISSING_MESSAGE',
  originalMessage: 'result.viewLibrary (zh)'
}
Error: MISSING_MESSAGE: result.viewLibrary (zh)
    at t (C:\Users\coconuttian\WorkBuddy\20260723162035\gsti-website\.next\server\chunks\838.js:1:304568)
    at u (C:\Users\coconuttian\WorkBuddy\20260723162035\gsti-website\.next\server\chunks\838.js:1:304724)
    at v (C:\Users\coconuttian\WorkBuddy\20260723162035\gsti-website\.next\server\chunks\838.js:1:306057)
    at H (C:\Users\coconuttian\WorkBuddy\20260723162035\gsti-website\.next\server\chunks\112.js:1:19264) {
  code: 'MISSING_MESSAGE',
  originalMessage: 'result.viewLibrary (zh)'
}
Error: MISSING_MESSAGE: result.viewLibrary (zh)
    at t (C:\Users\coconuttian\WorkBuddy\20260723162035\gsti-website\.next\server\chunks\838.js:1:304568)
    at u (C:\Users\coconuttian\WorkBuddy\20260723162035\gsti-website\.next\server\chunks\838.js:1:304724)
    at v (C:\Users\coconuttian\WorkBuddy\20260723162035\gsti-website\.next\server\chunks\838.js:1:306057)
    at H (C:\Users\coconuttian\WorkBuddy\20260723162035\gsti-website\.next\server\chunks\112.js:1:19264) {
  code: 'MISSING_MESSAGE',
  originalMessage: 'result.viewLibrary (zh)'
}
Error: MISSING_MESSAGE: result.viewLibrary (zh)
    at t (C:\Users\coconuttian\WorkBuddy\20260723162035\gsti-website\.next\server\chunks\838.js:1:304568)
    at u (C:\Users\coconuttian\WorkBuddy\20260723162035\gsti-website\.next\server\chunks\838.js:1:304724)
    at v (C:\Users\coconuttian\WorkBuddy\20260723162035\gsti-website\.next\server\chunks\838.js:1:306057)
    at H (C:\Users\coconuttian\WorkBuddy\20260723162035\gsti-website\.next\server\chunks\112.js:1:19264) {
  code: 'MISSING_MESSAGE',
  originalMessage: 'result.viewLibrary (zh)'
}
Error: MISSING_MESSAGE: result.viewLibrary (zh)
    at t (C:\Users\coconuttian\WorkBuddy\20260723162035\gsti-website\.next\server\chunks\838.js:1:304568)
    at u (C:\Users\coconuttian\WorkBuddy\20260723162035\gsti-website\.next\server\chunks\838.js:1:304724)
    at v (C:\Users\coconuttian\WorkBuddy\20260723162035\gsti-website\.next\server\chunks\838.js:1:306057)
    at H (C:\Users\coconuttian\WorkBuddy\20260723162035\gsti-website\.next\server\chunks\112.js:1:19264) {
  code: 'MISSING_MESSAGE',
  originalMessage: 'result.viewLibrary (zh)'
}
Error: MISSING_MESSAGE: result.viewLibrary (zh)
    at t (C:\Users\coconuttian\WorkBuddy\20260723162035\gsti-website\.next\server\chunks\838.js:1:304568)
    at u (C:\Users\coconuttian\WorkBuddy\20260723162035\gsti-website\.next\server\chunks\838.js:1:304724)
    at v (C:\Users\coconuttian\WorkBuddy\20260723162035\gsti-website\.next\server\chunks\838.js:1:306057)
    at H (C:\Users\coconuttian\WorkBuddy\20260723162035\gsti-website\.next\server\chunks\112.js:1:19264) {
  code: 'MISSING_MESSAGE',
  originalMessage: 'result.viewLibrary (zh)'
}
Error: MISSING_MESSAGE: result.viewLibrary (zh)
    at t (C:\Users\coconuttian\WorkBuddy\20260723162035\gsti-website\.next\server\chunks\838.js:1:304568)
    at u (C:\Users\coconuttian\WorkBuddy\20260723162035\gsti-website\.next\server\chunks\838.js:1:304724)
    at v (C:\Users\coconuttian\WorkBuddy\20260723162035\gsti-website\.next\server\chunks\838.js:1:306057)
    at H (C:\Users\coconuttian\WorkBuddy\20260723162035\gsti-website\.next\server\chunks\112.js:1:19264) {
  code: 'MISSING_MESSAGE',
  originalMessage: 'result.viewLibrary (zh)'
}
Error: MISSING_MESSAGE: result.viewLibrary (zh)
    at t (C:\Users\coconuttian\WorkBuddy\20260723162035\gsti-website\.next\server\chunks\838.js:1:304568)
    at u (C:\Users\coconuttian\WorkBuddy\20260723162035\gsti-website\.next\server\chunks\838.js:1:304724)
    at v (C:\Users\coconuttian\WorkBuddy\20260723162035\gsti-website\.next\server\chunks\838.js:1:306057)
    at H (C:\Users\coconuttian\WorkBuddy\20260723162035\gsti-website\.next\server\chunks\112.js:1:19264) {
  code: 'MISSING_MESSAGE',
  originalMessage: 'result.viewLibrary (zh)'
}
   Generating static pages (7/29) 
   Generating static pages (14/29) 
Error: MISSING_MESSAGE: result.viewLibrary (zh)
    at t (C:\Users\coconuttian\WorkBuddy\20260723162035\gsti-website\.next\server\chunks\838.js:1:304568)
    at u (C:\Users\coconuttian\WorkBuddy\20260723162035\gsti-website\.next\server\chunks\838.js:1:304724)
    at v (C:\Users\coconuttian\WorkBuddy\20260723162035\gsti-website\.next\server\chunks\838.js:1:306057)
    at H (C:\Users\coconuttian\WorkBuddy\20260723162035\gsti-website\.next\server\chunks\112.js:1:19264) {
  code: 'MISSING_MESSAGE',
  originalMessage: 'result.viewLibrary (zh)'
}
Error: MISSING_MESSAGE: result.viewLibrary (zh)
    at t (C:\Users\coconuttian\WorkBuddy\20260723162035\gsti-website\.next\server\chunks\838.js:1:304568)
    at u (C:\Users\coconuttian\WorkBuddy\20260723162035\gsti-website\.next\server\chunks\838.js:1:304724)
    at v (C:\Users\coconuttian\WorkBuddy\20260723162035\gsti-website\.next\server\chunks\838.js:1:306057)
    at H (C:\Users\coconuttian\WorkBuddy\20260723162035\gsti-website\.next\server\chunks\112.js:1:19264) {
  code: 'MISSING_MESSAGE',
  originalMessage: 'result.viewLibrary (zh)'
}
Error: MISSING_MESSAGE: result.viewLibrary (zh)
    at t (C:\Users\coconuttian\WorkBuddy\20260723162035\gsti-website\.next\server\chunks\838.js:1:304568)
    at u (C:\Users\coconuttian\WorkBuddy\20260723162035\gsti-website\.next\server\chunks\838.js:1:304724)
    at v (C:\Users\coconuttian\WorkBuddy\20260723162035\gsti-website\.next\server\chunks\838.js:1:306057)
    at H (C:\Users\coconuttian\WorkBuddy\20260723162035\gsti-website\.next\server\chunks\112.js:1:19264) {
  code: 'MISSING_MESSAGE',
  originalMessage: 'result.viewLibrary (zh)'
}
Error: MISSING_MESSAGE: result.viewLibrary (zh)
    at t (C:\Users\coconuttian\WorkBuddy\20260723162035\gsti-website\.next\server\chunks\838.js:1:304568)
    at u (C:\Users\coconuttian\WorkBuddy\20260723162035\gsti-website\.next\server\chunks\838.js:1:304724)
    at v (C:\Users\coconuttian\WorkBuddy\20260723162035\gsti-website\.next\server\chunks\838.js:1:306057)
    at H (C:\Users\coconuttian\WorkBuddy\20260723162035\gsti-website\.next\server\chunks\112.js:1:19264) {
  code: 'MISSING_MESSAGE',
  originalMessage: 'result.viewLibrary (zh)'
}
Error: MISSING_MESSAGE: result.viewLibrary (zh)
    at t (C:\Users\coconuttian\WorkBuddy\20260723162035\gsti-website\.next\server\chunks\838.js:1:304568)
    at u (C:\Users\coconuttian\WorkBuddy\20260723162035\gsti-website\.next\server\chunks\838.js:1:304724)
    at v (C:\Users\coconuttian\WorkBuddy\20260723162035\gsti-website\.next\server\chunks\838.js:1:306057)
    at H (C:\Users\coconuttian\WorkBuddy\20260723162035\gsti-website\.next\server\chunks\112.js:1:19264) {
  code: 'MISSING_MESSAGE',
  originalMessage: 'result.viewLibrary (zh)'
}
Error: MISSING_MESSAGE: result.viewLibrary (zh)
    at t (C:\Users\coconuttian\WorkBuddy\20260723162035\gsti-website\.next\server\chunks\838.js:1:304568)
    at u (C:\Users\coconuttian\WorkBuddy\20260723162035\gsti-website\.next\server\chunks\838.js:1:304724)
    at v (C:\Users\coconuttian\WorkBuddy\20260723162035\gsti-website\.next\server\chunks\838.js:1:306057)
    at H (C:\Users\coconuttian\WorkBuddy\20260723162035\gsti-website\.next\server\chunks\112.js:1:19264) {
  code: 'MISSING_MESSAGE',
  originalMessage: 'result.viewLibrary (zh)'
}
Error: MISSING_MESSAGE: result.viewLibrary (zh)
    at t (C:\Users\coconuttian\WorkBuddy\20260723162035\gsti-website\.next\server\chunks\838.js:1:304568)
    at u (C:\Users\coconuttian\WorkBuddy\20260723162035\gsti-website\.next\server\chunks\838.js:1:304724)
    at v (C:\Users\coconuttian\WorkBuddy\20260723162035\gsti-website\.next\server\chunks\838.js:1:306057)
    at H (C:\Users\coconuttian\WorkBuddy\20260723162035\gsti-website\.next\server\chunks\112.js:1:19264) {
  code: 'MISSING_MESSAGE',
  originalMessage: 'result.viewLibrary (zh)'
}
Error: MISSING_MESSAGE: result.viewLibrary (zh)
    at t (C:\Users\coconuttian\WorkBuddy\20260723162035\gsti-website\.next\server\chunks\838.js:1:304568)
    at u (C:\Users\coconuttian\WorkBuddy\20260723162035\gsti-website\.next\server\chunks\838.js:1:304724)
    at v (C:\Users\coconuttian\WorkBuddy\20260723162035\gsti-website\.next\server\chunks\838.js:1:306057)
    at H (C:\Users\coconuttian\WorkBuddy\20260723162035\gsti-website\.next\server\chunks\112.js:1:19264) {
  code: 'MISSING_MESSAGE',
  originalMessage: 'result.viewLibrary (zh)'
}
   Generating static pages (21/29) 
 ✓ Generating static pages (29/29)
   Finalizing page optimization ...
   Collecting build traces ...

Route (app)                                  Size  First Load JS
┌ ○ /                                       136 B         103 kB
├ ○ /_not-found                             996 B         104 kB
├ ● /[locale]                             1.61 kB         153 kB
├   └ /zh
├ ● /[locale]/analysis                    4.62 kB         167 kB
├   └ /zh/analysis
├ ● /[locale]/library                     4.86 kB         176 kB
├   └ /zh/library
├ ● /[locale]/result                        173 B         180 kB
├   └ /zh/result
├ ● /[locale]/share/[id]                    294 B         180 kB
├   ├ /zh/share/1
├   ├ /zh/share/2
├   ├ /zh/share/3
├   └ [+13 more paths]
├ ƒ /[locale]/share/[id]/opengraph-image    136 B         103 kB
├ ● /[locale]/test                        5.12 kB         167 kB
├   └ /zh/test
├ ○ /admin                                9.64 kB         112 kB
├ ƒ /api/admin/login                        136 B         103 kB
├ ƒ /api/admin/stats                        136 B         103 kB
└ ƒ /api/track                              136 B         103 kB
+ First Load JS shared by all              103 kB
  ├ chunks/493-b04f35346e51d523.js        46.3 kB
  ├ chunks/4bd1b696-c023c6e3521b1417.js   54.2 kB
  └ other shared chunks (total)           2.01 kB


ƒ Middleware                              65.5 kB

○  (Static)   prerendered as static content
●  (SSG)      prerendered as static HTML (uses generateStaticParams)
ƒ  (Dynamic)  server-rendered on demand

